Fetching distribution.
Downloading https://services.gradle.org/distributions/gradle-8.9-bin.zip
............10%.............20%.............30%.............40%.............50%.............60%.............70%.............80%.............90%.............100%

Welcome to Gradle 8.9!

Here are the highlights of this release:
 - Enhanced Error and Warning Messages
 - IDE Integration Improvements
 - Daemon JVM Information

For more details see https://docs.gradle.org/8.9/release-notes.html

To honour the JVM settings for this build a single-use Daemon process will be forked. For more on this, please refer to https://docs.gradle.org/8.9/userguide/gradle_daemon.html#sec:disabling_the_daemon in the Gradle documentation.
Daemon will be stopped at the end of the build 

> Configure project :app
WARNING: The option setting 'android.defaults.buildfeatures.buildconfig=true' is deprecated.
The current default is 'false'.
It will be removed in version 9.0 of the Android Gradle plugin.
To keep using this feature, add the following to your module-level build.gradle files:
    android.buildFeatures.buildConfig = true
or from Android Studio, click: `Refactor` > `Migrate BuildConfig to Gradle Build Files`.

> Task :app:preBuild UP-TO-DATE
> Task :app:preDebugBuild UP-TO-DATE
> Task :app:mergeDebugNativeDebugMetadata NO-SOURCE
> Task :app:checkKotlinGradlePluginConfigurationErrors SKIPPED
> Task :app:generateDebugBuildConfig
> Task :app:generateDebugResValues
> Task :app:checkDebugAarMetadata
> Task :app:mapDebugSourceSetPaths
> Task :app:generateDebugResources
> Task :app:packageDebugResources
> Task :app:createDebugCompatibleScreenManifests
> Task :app:mergeDebugResources
> Task :app:extractDeepLinksDebug
> Task :app:parseDebugLocalResources
> Task :app:processDebugMainManifest
> Task :app:processDebugManifest
> Task :app:javaPreCompileDebug
> Task :app:mergeDebugShaders
> Task :app:compileDebugShaders NO-SOURCE
> Task :app:generateDebugAssets UP-TO-DATE
> Task :app:mergeDebugAssets
> Task :app:processDebugManifestForPackage
> Task :app:compressDebugAssets
> Task :app:desugarDebugFileDependencies
> Task :app:processDebugResources
> Task :app:checkDebugDuplicateClasses
> Task :app:kspDebugKotlin
> Task :app:mergeExtDexDebug
> Task :app:mergeDebugJniLibFolders
> Task :app:mergeLibDexDebug
> Task :app:mergeDebugNativeLibs
> Task :app:validateSigningDebug
> Task :app:writeDebugAppMetadata
> Task :app:writeDebugSigningConfigVersions

> Task :app:stripDebugDebugSymbols
Unable to strip the following libraries, packaging them as they are: libandroidx.graphics.path.so, libdatastore_shared_counter.so, libtranslate_jni.so.

> Task :app:compileDebugKotlin
w: file:///home/runner/work/proudvocabandroid/proudvocabandroid/app/src/main/java/com/proudvocab/android/core/translate/TaskAwait.kt:12:33 'fun resume(value: T, onCancellation: ((@ParameterName(...) Throwable) -> Unit)?): Unit' is deprecated. Use the overload that also accepts the `value` and the coroutine context in lambda.
w: file:///home/runner/work/proudvocabandroid/proudvocabandroid/app/src/main/java/com/proudvocab/android/core/translate/TaskAwait.kt:25:33 'fun resume(value: Unit, onCancellation: ((@ParameterName(...) Throwable) -> Unit)?): Unit' is deprecated. Use the overload that also accepts the `value` and the coroutine context in lambda.
w: file:///home/runner/work/proudvocabandroid/proudvocabandroid/app/src/main/java/com/proudvocab/android/ui/navigation/Destinations.kt:19:95 'val Icons.Rounded.MenuBook: ImageVector' is deprecated. Use the AutoMirrored version at Icons.AutoMirrored.Rounded.MenuBook.
w: file:///home/runner/work/proudvocabandroid/proudvocabandroid/app/src/main/java/com/proudvocab/android/ui/screens/dictionary/DictionaryScreen.kt:541:48 'val Icons.Rounded.VolumeUp: ImageVector' is deprecated. Use the AutoMirrored version at Icons.AutoMirrored.Rounded.VolumeUp.
w: file:///home/runner/work/proudvocabandroid/proudvocabandroid/app/src/main/java/com/proudvocab/android/ui/screens/dictionary/WordLookupSheet.kt:166:69 'val Icons.Rounded.VolumeUp: ImageVector' is deprecated. Use the AutoMirrored version at Icons.AutoMirrored.Rounded.VolumeUp.
w: file:///home/runner/work/proudvocabandroid/proudvocabandroid/app/src/main/java/com/proudvocab/android/ui/screens/review/GamesPane.kt:140:46 'val Icons.Rounded.Article: ImageVector' is deprecated. Use the AutoMirrored version at Icons.AutoMirrored.Rounded.Article.

> Task :app:compileDebugJavaWithJavac
> Task :app:dexBuilderDebug
> Task :app:mergeDebugGlobalSynthetics
> Task :app:processDebugJavaRes
> Task :app:mergeProjectDexDebug
> Task :app:mergeDebugJavaResource
> Task :app:packageDebug
> Task :app:createDebugApkListingFileRedirect
> Task :app:assembleDebug
gradle/actions: Writing build results to /home/runner/work/_temp/.gradle-actions/build-results/assemble-1791431335159.json

BUILD SUCCESSFUL in 4m 1s
38 actionable tasks: 38 executed
